[INFO] Scanning for projects...
[INFO] 
[INFO] ----------------------< dev.vesper:checkout-demo >----------------------
[INFO] Building checkout-demo 0.1.0
[INFO]   from pom.xml
[INFO] --------------------------------[ jar ]---------------------------------
[INFO] 
[INFO] --- clean:3.2.0:clean (default-clean) @ checkout-demo ---
[INFO] 
[INFO] --- resources:3.3.1:resources (default-resources) @ checkout-demo ---
[INFO] skip non existing resourceDirectory C:\Users\Learner\sam\vesper\.vesper\workspace-runs\workflow-20260926-204208-104c2b5b\baseline\src\main\resources
[INFO] 
[INFO] --- compiler:3.13.0:compile (default-compile) @ checkout-demo ---
[INFO] Recompiling the module because of changed source code.
[INFO] Compiling 1 source file with javac [debug release 17] to target\classes
[INFO] 
[INFO] --- resources:3.3.1:testResources (default-testResources) @ checkout-demo ---
[INFO] skip non existing resourceDirectory C:\Users\Learner\sam\vesper\.vesper\workspace-runs\workflow-20260926-204208-104c2b5b\baseline\src\test\resources
[INFO] 
[INFO] --- compiler:3.13.0:testCompile (default-testCompile) @ checkout-demo ---
[INFO] Recompiling the module because of changed dependency.
[INFO] Compiling 2 source files with javac [debug release 17] to target\test-classes
[INFO] 
[INFO] --- surefire:3.5.2:test (default-test) @ checkout-demo ---
[INFO] Using auto detected provider org.apache.maven.surefire.junitplatform.JUnitPlatformProvider
[INFO] 
[INFO] -------------------------------------------------------
[INFO]  T E S T S
[INFO] -------------------------------------------------------
[INFO] Running dev.vesper.CheckoutTest
[INFO] Tests run: 11, Failures: 0, Errors: 0, Skipped: 0, Time elapsed: 0.351 s -- in dev.vesper.CheckoutTest
[INFO] Running dev.vesper.ReproducerR3Test
[INFO] Tests run: 1, Failures: 0, Errors: 0, Skipped: 0, Time elapsed: 0.004 s -- in dev.vesper.ReproducerR3Test
[INFO] 
[INFO] Results:
[INFO] 
[INFO] Tests run: 12, Failures: 0, Errors: 0, Skipped: 0
[INFO] 
[INFO] ------------------------------------------------------------------------
[INFO] BUILD SUCCESS
[INFO] ------------------------------------------------------------------------
[INFO] Total time:  28.839 s
[INFO] Finished at: 2026-09-26T20:42:56+02:00
[INFO] ------------------------------------------------------------------------
