[INFO] Scanning for projects...
[INFO] 
[INFO] ----------------------< dev.vesper:checkout-demo >----------------------
[INFO] Building checkout-demo 0.1.0
[INFO]   from pom.xml
[INFO] --------------------------------[ jar ]---------------------------------
[INFO] 
[INFO] --- clean:3.2.0:clean (default-clean) @ checkout-demo ---
[INFO] Deleting C:\Users\Learner\sam\vesper\evidence\verification-20260926\workflow-20260926-141036-d39fa35f\original\target
[INFO] 
[INFO] --- resources:3.3.1:resources (default-resources) @ checkout-demo ---
[INFO] skip non existing resourceDirectory C:\Users\Learner\sam\vesper\evidence\verification-20260926\workflow-20260926-141036-d39fa35f\original\src\main\resources
[INFO] 
[INFO] --- compiler:3.13.0:compile (default-compile) @ checkout-demo ---
[INFO] Recompiling the module because of changed source code.
[INFO] Compiling 1 source file with javac [debug release 17] to target\classes
[INFO] 
[INFO] --- resources:3.3.1:testResources (default-testResources) @ checkout-demo ---
[INFO] skip non existing resourceDirectory C:\Users\Learner\sam\vesper\evidence\verification-20260926\workflow-20260926-141036-d39fa35f\original\src\test\resources
[INFO] 
[INFO] --- compiler:3.13.0:testCompile (default-testCompile) @ checkout-demo ---
[INFO] Recompiling the module because of changed dependency.
[INFO] Compiling 2 source files with javac [debug release 17] to target\test-classes
[INFO] 
[INFO] --- surefire:3.5.2:test (default-test) @ checkout-demo ---
[INFO] Using auto detected provider org.apache.maven.surefire.junitplatform.JUnitPlatformProvider
[INFO] 
[INFO] -------------------------------------------------------
[INFO]  T E S T S
[INFO] -------------------------------------------------------
[INFO] Running dev.vesper.ReproducerR3Test
[ERROR] Tests run: 1, Failures: 1, Errors: 0, Skipped: 0, Time elapsed: 0.194 s <<< FAILURE! -- in dev.vesper.ReproducerR3Test
[ERROR] dev.vesper.ReproducerR3Test.expiryDayMustReceiveDiscount_R3 -- Time elapsed: 0.117 s <<< FAILURE!
org.opentest4j.AssertionFailedError: R3: checkout on expiry day must receive the discount (expiry is inclusive) ==> expected: <900> but was: <1000>
	at org.junit.jupiter.api.AssertionFailureBuilder.build(AssertionFailureBuilder.java:151)
	at org.junit.jupiter.api.AssertionFailureBuilder.buildAndThrow(AssertionFailureBuilder.java:132)
	at org.junit.jupiter.api.AssertEquals.failNotEqual(AssertEquals.java:197)
	at org.junit.jupiter.api.AssertEquals.assertEquals(AssertEquals.java:166)
	at org.junit.jupiter.api.Assertions.assertEquals(Assertions.java:664)
	at dev.vesper.ReproducerR3Test.expiryDayMustReceiveDiscount_R3(ReproducerR3Test.java:38)
	at java.base/java.lang.reflect.Method.invoke(Method.java:569)
	at java.base/java.util.ArrayList.forEach(ArrayList.java:1511)
	at java.base/java.util.ArrayList.forEach(ArrayList.java:1511)

[INFO] 
[INFO] Results:
[INFO] 
[ERROR] Failures: 
[ERROR]   ReproducerR3Test.expiryDayMustReceiveDiscount_R3:38 R3: checkout on expiry day must receive the discount (expiry is inclusive) ==> expected: <900> but was: <1000>
[INFO] 
[ERROR] Tests run: 1, Failures: 1, Errors: 0, Skipped: 0
[INFO] 
[INFO] ------------------------------------------------------------------------
[INFO] BUILD FAILURE
[INFO] ------------------------------------------------------------------------
[INFO] Total time:  10.026 s
[INFO] Finished at: 2026-09-26T14:11:30+02:00
[INFO] ------------------------------------------------------------------------
[ERROR] Failed to execute goal org.apache.maven.plugins:maven-surefire-plugin:3.5.2:test (default-test) on project checkout-demo: There are test failures.
[ERROR] 
[ERROR] See C:\Users\Learner\sam\vesper\evidence\verification-20260926\workflow-20260926-141036-d39fa35f\03-original-repeat\reports for the individual test results.
[ERROR] See dump files (if any exist) [date].dump, [date]-jvmRun[N].dump and [date].dumpstream.
[ERROR] -> [Help 1]
[ERROR] 
[ERROR] To see the full stack trace of the errors, re-run Maven with the -e switch.
[ERROR] Re-run Maven using the -X switch to enable full debug logging.
[ERROR] 
[ERROR] For more information about the errors and possible solutions, please read the following articles:
[ERROR] [Help 1] http://cwiki.apache.org/confluence/display/MAVEN/MojoFailureException
